src/app/doubts/DoubtsClient.tsx(5,26): error TS2307: Cannot find module '@/components/ui/textarea' or its corresponding type declarations.
src/app/doubts/DoubtsClient.tsx(60,26): error TS7006: Parameter 'e' implicitly has an 'any' type.
src/app/doubts/DoubtsClient.tsx(61,27): error TS7006: Parameter 'e' implicitly has an 'any' type.
src/app/teacher/doubts/TeacherDoubtsClient.tsx(5,26): error TS2307: Cannot find module '@/components/ui/textarea' or its corresponding type declarations.
src/app/teacher/doubts/TeacherDoubtsClient.tsx(79,32): error TS7006: Parameter 'e' implicitly has an 'any' type.
